echo_variable_value must be replaced by its <value>
